247
nmvaa NMOS nmvaa NMOS
nmvab NMOS nmvab NMOS
nn5 NMOS nn5 NMOS
nesvt NMOS nesvt NMOS
ne NMOS ne NMOS
nel NMOS nel NMOS
nd5 NMOS nd5 NMOS
nn NMOS nn NMOS
nmva NMOS nmva NMOS
ne5 NMOS ne5 NMOS
pmvab PMOS pmvab PMOS
pmva PMOS pmva PMOS
pe5ti PMOS pe5ti PMOS
pe PMOS pe PMOS
pmvaa PMOS pmvaa PMOS
pesvt PMOS pesvt PMOS
pel PMOS pel PMOS
peti PMOS peti PMOS
pe5 PMOS pe5 PMOS
qpvha PNP qpvha PNP
qnvha PNP qnvha PNP
qnv5 PNP qnv5 PNP
qpvg5 PNP qpvg5 PNP
qpvf PNP qpvf PNP
qpvb PNP qpvb PNP
qpve PNP qpve PNP
qpva5 PNP qpva5 PNP
qpvb5 PNP qpvb5 PNP
qpve5 PNP qpve5 PNP
qpvf5 PNP qpvf5 PNP
qpvc PNP qpvc PNP
qpva PNP qpva PNP
qpv5 PNP qpv5 PNP
qpvg PNP qpvg PNP
qpvc5 PNP qpvc5 PNP
p_dp5 PN p_dp5 PN
p_dp PN p_dp PN
ds5a PN ds5a PN
dnp7 PN dnp7 PN
dp5 PN dp5 PN
dfwdpa PN dfwdpa PN
dp PN dp PN
dpp6 PN dpp6 PN
ds5b PN ds5b PN
dpp7 PN dpp7 PN
p_dn5ps NP p_dn5ps NP
p_dnw5 NP p_dnw5 NP
p_dnn5 NP p_dnn5 NP
p_dn5 NP p_dn5 NP
dzati NP dzati NP
dhw5d NP dhw5d NP
dfwnsj1_16c NP dfwnsj1_16c NP
dfwnsj1_10 NP dfwnsj1_10 NP
dnpa NP dnpa NP
dfwdnhf NP dfwdnhf NP
dfwnsj1b_4 NP dfwnsj1b_4 NP
dhw3c NP dhw3c NP
dfwnsj1_7 NP dfwnsj1_7 NP
dnw5 NP dnw5 NP
dhw2c NP dhw2c NP
dfwdnhe NP dfwdnhe NP
dfwdnd NP dfwdnd NP
dza NP dza NP
dfwnsj1a_28 NP dfwnsj1a_28 NP
p_dnw NP p_dnw NP
dnn NP dnn NP
dn5 NP dn5 NP
p_dn NP p_dn NP
dhw2a NP dhw2a NP
dn NP dn NP
dfwdn5 NP dfwdn5 NP
dfwnsj1b_7 NP dfwnsj1b_7 NP
dfwdnhc NP dfwdnhc NP
p_dnn NP p_dnn NP
dnw NP dnw NP
dn5ps NP dn5ps NP
dfwdnt NP dfwdnt NP
dfwnsj1b_2 NP dfwnsj1b_2 NP
dnn5 NP dnn5 NP
dfwnsj1b_8 NP dfwnsj1b_8 NP
dfwnsj1b_10 NP dfwnsj1b_10 NP
dnpati NP dnpati NP
dhw2 NP dhw2 NP
dfwnsj1b_5 NP dfwnsj1b_5 NP
dfwnsj1a_16 NP dfwnsj1a_16 NP
dfwdnc NP dfwdnc NP
dhw3 NP dhw3 NP
dzbti NP dzbti NP
dhw4d NP dhw4d NP
dhw2b NP dhw2b NP
p_dnw5mva NP p_dnw5mva NP
dfwnsj1a_13 NP dfwnsj1a_13 NP
dzcti NP dzcti NP
dhw4c NP dhw4c NP
dfwnsj1a_20 NP dfwnsj1a_20 NP
dfwdnu NP dfwdnu NP
dfwdnhd NP dfwdnhd NP
dfwdnb NP dfwdnb NP
rmtpl RESISTOR rmtpl RESISTOR
rm2 RESISTOR rm2 RESISTOR
rpp1k1a_3 RESISTOR rpp1k1a_3 RESISTOR
rnw5_scr RESISTOR rnw5_scr RESISTOR
rnp1h RESISTOR rnp1h RESISTOR
rnw_scr RESISTOR rnw_scr RESISTOR
rm3 RESISTOR rm3 RESISTOR
rnp1 RESISTOR rnp1 RESISTOR
rnw5 RESISTOR rnw5 RESISTOR
pfuse RESISTOR pfuse RESISTOR
rdp RESISTOR rdp RESISTOR
rxw2ti RESISTOR rxw2ti RESISTOR
rdn5_dpc RESISTOR rdn5_dpc RESISTOR
rdn RESISTOR rdn RESISTOR
rnp1_3 RESISTOR rnp1_3 RESISTOR
rpp1k1a RESISTOR rpp1k1a RESISTOR
rdp5 RESISTOR rdp5 RESISTOR
rpp1 RESISTOR rpp1 RESISTOR
rm4 RESISTOR rm4 RESISTOR
rdn5 RESISTOR rdn5 RESISTOR
rmtp RESISTOR rmtp RESISTOR
rpp1s_3 RESISTOR rpp1s_3 RESISTOR
rnw RESISTOR rnw RESISTOR
rdn5_pw4 RESISTOR rdn5_pw4 RESISTOR
rnp1a_3 RESISTOR rnp1a_3 RESISTOR
rpp1_3 RESISTOR rpp1_3 RESISTOR
rm1 RESISTOR rm1 RESISTOR
rpp1nw_3 RESISTOR rpp1nw_3 RESISTOR
rpp1k1 RESISTOR rpp1k1 RESISTOR
rnp1h_3 RESISTOR rnp1h_3 RESISTOR
rpp1s RESISTOR rpp1s RESISTOR
rpp1k1_3 RESISTOR rpp1k1_3 RESISTOR
csp5tla_3 CAPACITOR csp5tla_3 CAPACITOR
csp5tl_3 CAPACITOR csp5tl_3 CAPACITOR
cdmm5t CAPACITOR cdmm5t CAPACITOR
cmmh5t CAPACITOR cmmh5t CAPACITOR
cmm5t CAPACITOR cmm5t CAPACITOR
cdmmh5t CAPACITOR cdmmh5t CAPACITOR
cif3a CAPACITOR cif3a CAPACITOR
csandwt4 CAPACITOR csandwt4 CAPACITOR
csf3 CAPACITOR csf3 CAPACITOR
cif3 CAPACITOR cif3 CAPACITOR
ctmmh5t CAPACITOR ctmmh5t CAPACITOR
p_cap CAPACITOR p_cap CAPACITOR
csf3p CAPACITOR csf3p CAPACITOR
csf4a CAPACITOR csf4a CAPACITOR
ctmm5t CAPACITOR ctmm5t CAPACITOR
csandwt3 CAPACITOR csandwt3 CAPACITOR
cif4 CAPACITOR cif4 CAPACITOR
cif4a CAPACITOR cif4a CAPACITOR
cmm3 CAPACITOR cmm3 CAPACITOR
csf2p CAPACITOR csf2p CAPACITOR
cmm4 CAPACITOR cmm4 CAPACITOR
csft5 CAPACITOR csft5 CAPACITOR
csf4 CAPACITOR csf4 CAPACITOR
cmmh3 CAPACITOR cmmh3 CAPACITOR
csf3a CAPACITOR csf3a CAPACITOR
cift5 CAPACITOR cift5 CAPACITOR
csft5a CAPACITOR csft5a CAPACITOR
cift5a CAPACITOR cift5a CAPACITOR
cmmh4 CAPACITOR cmmh4 CAPACITOR
cdmm4 CAPACITOR cdmm4 CAPACITOR
cdmmh4 CAPACITOR cdmmh4 CAPACITOR
tag_m300v GENERIC tag_m300v GENERIC
tag_60v GENERIC tag_60v GENERIC
tag_100v GENERIC tag_100v GENERIC
tag_400v GENERIC tag_400v GENERIC
tag_m25v GENERIC tag_m25v GENERIC
mosvc5ti GENERIC mosvc5ti GENERIC
mosvc GENERIC mosvc GENERIC
phvrf GENERIC phvrf GENERIC
phvre GENERIC phvre GENERIC
tag_m400v GENERIC tag_m400v GENERIC
phvrc GENERIC phvrc GENERIC
tag_25v GENERIC tag_25v GENERIC
phvrb GENERIC phvrb GENERIC
phvra GENERIC phvra GENERIC
tag_m100v GENERIC tag_m100v GENERIC
ndhvrf GENERIC ndhvrf GENERIC
ndhvrd GENERIC ndhvrd GENERIC
nhvrb GENERIC nhvrb GENERIC
nhvra GENERIC nhvra GENERIC
pmvb GENERIC pmvb GENERIC
ndmvf GENERIC ndmvf GENERIC
ndmvd GENERIC ndmvd GENERIC
mosvcti GENERIC mosvcti GENERIC
nmvf GENERIC nmvf GENERIC
pmve GENERIC pmve GENERIC
nmve GENERIC nmve GENERIC
nmvd GENERIC nmvd GENERIC
nhvrc GENERIC nhvrc GENERIC
phsj1a_20 GENERIC phsj1a_20 GENERIC
phvtb GENERIC phvtb GENERIC
nhsj1b_8 GENERIC nhsj1b_8 GENERIC
nhsj1b_7 GENERIC nhsj1b_7 GENERIC
nhsj1b_4 GENERIC nhsj1b_4 GENERIC
phsj2b_10 GENERIC phsj2b_10 GENERIC
phsj1a_31 GENERIC phsj1a_31 GENERIC
nhvrf GENERIC nhvrf GENERIC
phsj1a_13 GENERIC phsj1a_13 GENERIC
nhvre GENERIC nhvre GENERIC
phsj1_7 GENERIC phsj1_7 GENERIC
tag_m200v GENERIC tag_m200v GENERIC
mosvc5 GENERIC mosvc5 GENERIC
phsj1_10 GENERIC phsj1_10 GENERIC
phvrd GENERIC phvrd GENERIC
nhsj1b_5 GENERIC nhsj1b_5 GENERIC
phsj1a_8 GENERIC phsj1a_8 GENERIC
phsj2b_7 GENERIC phsj2b_7 GENERIC
nhsj1_16c GENERIC nhsj1_16c GENERIC
phsj1a_4 GENERIC phsj1a_4 GENERIC
phsj2b_16 GENERIC phsj2b_16 GENERIC
phsj1a_16 GENERIC phsj1a_16 GENERIC
phsj1a_10 GENERIC phsj1a_10 GENERIC
nhsj1_7 GENERIC nhsj1_7 GENERIC
tag_200v GENERIC tag_200v GENERIC
phsj1a_5 GENERIC phsj1a_5 GENERIC
nhsj1_10 GENERIC nhsj1_10 GENERIC
phsj1a_7 GENERIC phsj1a_7 GENERIC
phsj1_16c GENERIC phsj1_16c GENERIC
nhsj1a_13 GENERIC nhsj1a_13 GENERIC
pe5_5 GENERIC pe5_5 GENERIC
nhsj1b_10 GENERIC nhsj1b_10 GENERIC
nhsj1b_2 GENERIC nhsj1b_2 GENERIC
nhsj1a_16 GENERIC nhsj1a_16 GENERIC
nhsj1a_20 GENERIC nhsj1a_20 GENERIC
nhsj1a_28 GENERIC nhsj1a_28 GENERIC
nmvb GENERIC nmvb GENERIC
pmvd GENERIC pmvd GENERIC
pe_5 GENERIC pe_5 GENERIC
tag_m60v GENERIC tag_m60v GENERIC
pmvf GENERIC pmvf GENERIC
pel_5 GENERIC pel_5 GENERIC
pesvt_5 GENERIC pesvt_5 GENERIC
nisj1_16 GENERIC nisj1_16 GENERIC
ndhvtaa GENERIC ndhvtaa GENERIC
phsj2b_8 GENERIC phsj2b_8 GENERIC
nhvta GENERIC nhvta GENERIC
nhvtaa GENERIC nhvtaa GENERIC
nhvtb GENERIC nhvtb GENERIC
nhvu GENERIC nhvu GENERIC
phsj2b_13 GENERIC phsj2b_13 GENERIC
ndhvta GENERIC ndhvta GENERIC
phvta GENERIC phvta GENERIC
tag_300v GENERIC tag_300v GENERIC
nhvrd GENERIC nhvrd GENERIC
ndhvt GENERIC ndhvt GENERIC
phvu GENERIC phvu GENERIC
nmvc GENERIC nmvc GENERIC
VDD*,DVDD,VCC,VDDA,VDDB,ADVDD,VDDM
GND*,GND?,DVSS,VSS,GROUND,AGND,GND,VSSM
VDD*,DVDD,VCC,VDDA,VDDB,ADVDD,VDDM
GND*,GND?,DVSS,VSS,GROUND,AGND,GND,VSSM
.runsetinfo begin
icv_version RHEL64 U-2022.12-SP4.9133772 2023/08/28
runset_file /mnt/vol_synopsys2023/pdks/xfab/design/xkit/xt018/synopsys/v12_1/ICValidator/v12_1_1/xt018.rs
working_directory /mnt/vol_NFS_rh003/Est_VLSI_II_2024/kortiz/Proyecto_III/synopsys_custom/fx4_sc.icv.lvs
input_database /mnt/vol_NFS_rh003/Est_VLSI_II_2024/kortiz/Proyecto_III/synopsys_custom/fx4_sc.icv.lvs/fx4
input_database_format OPENACCESS
user_function_file 
equiv_file 
schematic_netlist /mnt/vol_NFS_rh003/Est_VLSI_II_2024/kortiz/Proyecto_III/synopsys_custom/fx4_sc.icv.lvs/fx4_sc.sch_out.gz
layout_netlist /mnt/vol_NFS_rh003/Est_VLSI_II_2024/kortiz/Proyecto_III/synopsys_custom/fx4_sc.icv.lvs/fx4_sc.net.gz
top_cell fx4_sc
compare_directory /mnt/vol_NFS_rh003/Est_VLSI_II_2024/kortiz/Proyecto_III/synopsys_custom/fx4_sc.icv.lvs/run_details/compare
.runsetinfo end
